// Jest Snapshot v1, https://goo.gl/fbAQLP

exports[`calculateConfidence mix 1 1`] = `
{
  "pctConMeConfidence": 0.16666666666666666,
  "pctConfidence": 0.5,
  "pctProMeConfidence": 0.6666666666666666,
}
`;
